// Jest Snapshot v1, https://goo.gl/fbAQLP

exports[`snapshot equility 1`] = `
<View
  style={
    Object {
      "backgroundColor": "#ffffff",
      "borderColor": "#ffa29c",
      "borderWidth": 1,
      "margin": 15,
      "marginBottom": 0,
      "padding": 15,
      "shadowColor": "rgba(0,0,0, .2)",
      "shadowOffset": Object {
        "height": 0,
        "width": 0,
      },
      "shadowOpacity": 1,
      "shadowRadius": 1,
    }
  }
>
  <View
    style={
      Object {
        "backgroundColor": "transparent",
      }
    }
  >
    <View
      style={
        Object {
          "alignItems": "center",
          "display": "flex",
          "flexDirection": "row",
          "justifyContent": "flex-start",
        }
      }
    >
      <View
        style={
          Object {
            "overflow": "hidden",
          }
        }
      >
        <View>
          <View
            style={
              Object {
                "alignItems": "center",
                "backgroundColor": "transparent",
                "justifyContent": "center",
              }
            }
          >
            <Text
              allowFontScaling={false}
              selectable={false}
              style={
                Array [
                  Object {
                    "color": "#ffa29c",
                    "fontSize": 24,
                  },
                  Object {
                    "backgroundColor": "transparent",
                  },
                  Object {
                    "fontFamily": "Material Icons",
                    "fontStyle": "normal",
                    "fontWeight": "normal",
                  },
                  Object {},
                ]
              }
              testID="iconIcon"
            >
              î€‚
            </Text>
          </View>
        </View>
      </View>
      <Text
        style={
          Object {
            "color": "#ffa29c",
            "marginLeft": 15,
          }
        }
        testID="title"
      >
        No data!
      </Text>
    </View>
  </View>
</View>
`;
