// Jest Snapshot v1, https://goo.gl/fbAQLP

exports[`snapshot equility 1`] = `
<RCTScrollView
  data={
    Array [
      Object {
        "id": "1",
        "name": "First Element",
        "value": 1,
      },
      Object {
        "id": "2",
        "name": "Second Element",
        "value": 1,
      },
    ]
  }
  getItem={[Function]}
  getItemCount={[Function]}
  keyExtractor={[Function]}
  onContentSizeChange={[Function]}
  onLayout={[Function]}
  onMomentumScrollBegin={[Function]}
  onMomentumScrollEnd={[Function]}
  onScroll={[Function]}
  onScrollBeginDrag={[Function]}
  onScrollEndDrag={[Function]}
  removeClippedSubviews={false}
  renderItem={[Function]}
  scrollEventThrottle={50}
  stickyHeaderIndices={Array []}
  style={
    Object {
      "height": "100%",
    }
  }
  viewabilityConfigCallbackPairs={Array []}
>
  <View>
    <View
      onLayout={[Function]}
      style={null}
    >
      <View
        accessible={true}
        focusable={true}
        onClick={[Function]}
        onResponderGrant={[Function]}
        onResponderMove={[Function]}
        onResponderRelease={[Function]}
        onResponderTerminate={[Function]}
        onResponderTerminationRequest={[Function]}
        onStartShouldSetResponder={[Function]}
        testID="filter_item_1"
      >
        <View
          style={
            Object {
              "alignItems": "center",
              "backgroundColor": "white",
              "borderColor": "#bcbbc1",
              "flexDirection": "row",
              "padding": 14,
            }
          }
          testID="padView"
        >
          <View
            style={
              Array [
                Object {
                  "alignItems": "flex-start",
                  "flex": 1,
                  "justifyContent": "center",
                },
                Object {
                  "alignItems": "flex-start",
                  "display": "flex",
                  "flexDirection": "row",
                  "justifyContent": "flex-start",
                },
              ]
            }
            theme={
              Object {
                "colors": Object {
                  "black": "#242424",
                  "disabled": "hsl(208, 8%, 90%)",
                  "divider": "#bcbbc1",
                  "error": "#ff190c",
                  "grey0": "#393e42",
                  "grey1": "#43484d",
                  "grey2": "#5e6977",
                  "grey3": "#86939e",
                  "grey4": "#bdc6cf",
                  "grey5": "#e1e8ee",
                  "greyOutline": "#bbb",
                  "platform": Object {
                    "android": Object {
                      "error": "#f44336",
                      "grey": "rgba(0, 0, 0, 0.54)",
                      "primary": "#2196f3",
                      "searchBg": "#dcdce1",
                      "secondary": "#9C27B0",
                      "success": "#4caf50",
                      "warning": "#ffeb3b",
                    },
                    "default": Object {
                      "error": "#ff3b30",
                      "grey": "#7d7d7d",
                      "primary": "#007aff",
                      "searchBg": "#dcdce1",
                      "secondary": "#5856d6",
                      "success": "#4cd964",
                      "warning": "#ffcc00",
                    },
                    "ios": Object {
                      "error": "#ff3b30",
                      "grey": "#7d7d7d",
                      "primary": "#007aff",
                      "searchBg": "#dcdce1",
                      "secondary": "#5856d6",
                      "success": "#4cd964",
                      "warning": "#ffcc00",
                    },
                    "web": Object {
                      "error": "#ff190c",
                      "grey": "#393e42",
                      "primary": "#2089dc",
                      "searchBg": "#303337",
                      "secondary": "#ca71eb",
                      "success": "#52c41a",
                      "warning": "#faad14",
                    },
                  },
                  "primary": "#2089dc",
                  "searchBg": "#303337",
                  "secondary": "#ca71eb",
                  "success": "#52c41a",
                  "warning": "#faad14",
                  "white": "#ffffff",
                },
              }
            }
          >
            <View
              style={
                Object {
                  "overflow": "hidden",
                }
              }
            >
              <View
                style={
                  Object {
                    "marginRight": 15,
                  }
                }
                testID="filter_item_icon_1"
              >
                <View
                  style={
                    Object {
                      "alignItems": "center",
                      "backgroundColor": "transparent",
                      "justifyContent": "center",
                    }
                  }
                >
                  <Text
                    allowFontScaling={false}
                    selectable={false}
                    style={
                      Array [
                        Object {
                          "color": "#242424",
                          "fontSize": 24,
                        },
                        Object {
                          "backgroundColor": "transparent",
                        },
                        Object {
                          "fontFamily": "Material Icons",
                          "fontStyle": "normal",
                          "fontWeight": "normal",
                        },
                        Object {},
                      ]
                    }
                    testID="iconIcon"
                  >
                    î ¶
                  </Text>
                </View>
              </View>
            </View>
            <Text
              style={
                Object {
                  "backgroundColor": "transparent",
                  "color": "#242424",
                  "fontSize": 17,
                }
              }
              testID="filter_item_text_1"
            >
              First Element
            </Text>
          </View>
        </View>
      </View>
    </View>
    <View
      onLayout={[Function]}
      style={null}
    >
      <View
        accessible={true}
        focusable={true}
        onClick={[Function]}
        onResponderGrant={[Function]}
        onResponderMove={[Function]}
        onResponderRelease={[Function]}
        onResponderTerminate={[Function]}
        onResponderTerminationRequest={[Function]}
        onStartShouldSetResponder={[Function]}
        testID="filter_item_2"
      >
        <View
          style={
            Object {
              "alignItems": "center",
              "backgroundColor": "white",
              "borderColor": "#bcbbc1",
              "flexDirection": "row",
              "padding": 14,
            }
          }
          testID="padView"
        >
          <View
            style={
              Array [
                Object {
                  "alignItems": "flex-start",
                  "flex": 1,
                  "justifyContent": "center",
                },
                Object {
                  "alignItems": "flex-start",
                  "display": "flex",
                  "flexDirection": "row",
                  "justifyContent": "flex-start",
                },
              ]
            }
            theme={
              Object {
                "colors": Object {
                  "black": "#242424",
                  "disabled": "hsl(208, 8%, 90%)",
                  "divider": "#bcbbc1",
                  "error": "#ff190c",
                  "grey0": "#393e42",
                  "grey1": "#43484d",
                  "grey2": "#5e6977",
                  "grey3": "#86939e",
                  "grey4": "#bdc6cf",
                  "grey5": "#e1e8ee",
                  "greyOutline": "#bbb",
                  "platform": Object {
                    "android": Object {
                      "error": "#f44336",
                      "grey": "rgba(0, 0, 0, 0.54)",
                      "primary": "#2196f3",
                      "searchBg": "#dcdce1",
                      "secondary": "#9C27B0",
                      "success": "#4caf50",
                      "warning": "#ffeb3b",
                    },
                    "default": Object {
                      "error": "#ff3b30",
                      "grey": "#7d7d7d",
                      "primary": "#007aff",
                      "searchBg": "#dcdce1",
                      "secondary": "#5856d6",
                      "success": "#4cd964",
                      "warning": "#ffcc00",
                    },
                    "ios": Object {
                      "error": "#ff3b30",
                      "grey": "#7d7d7d",
                      "primary": "#007aff",
                      "searchBg": "#dcdce1",
                      "secondary": "#5856d6",
                      "success": "#4cd964",
                      "warning": "#ffcc00",
                    },
                    "web": Object {
                      "error": "#ff190c",
                      "grey": "#393e42",
                      "primary": "#2089dc",
                      "searchBg": "#303337",
                      "secondary": "#ca71eb",
                      "success": "#52c41a",
                      "warning": "#faad14",
                    },
                  },
                  "primary": "#2089dc",
                  "searchBg": "#303337",
                  "secondary": "#ca71eb",
                  "success": "#52c41a",
                  "warning": "#faad14",
                  "white": "#ffffff",
                },
              }
            }
          >
            <View
              style={
                Object {
                  "overflow": "hidden",
                }
              }
            >
              <View
                style={
                  Object {
                    "marginRight": 15,
                  }
                }
                testID="filter_item_icon_2"
              >
                <View
                  style={
                    Object {
                      "alignItems": "center",
                      "backgroundColor": "transparent",
                      "justifyContent": "center",
                    }
                  }
                >
                  <Text
                    allowFontScaling={false}
                    selectable={false}
                    style={
                      Array [
                        Object {
                          "color": "#242424",
                          "fontSize": 24,
                        },
                        Object {
                          "backgroundColor": "transparent",
                        },
                        Object {
                          "fontFamily": "Material Icons",
                          "fontStyle": "normal",
                          "fontWeight": "normal",
                        },
                        Object {},
                      ]
                    }
                    testID="iconIcon"
                  >
                    î ¶
                  </Text>
                </View>
              </View>
            </View>
            <Text
              style={
                Object {
                  "backgroundColor": "transparent",
                  "color": "#242424",
                  "fontSize": 17,
                }
              }
              testID="filter_item_text_2"
            >
              Second Element
            </Text>
          </View>
        </View>
      </View>
    </View>
  </View>
</RCTScrollView>
`;
